// 同步 ID: b537e4c8 @ Tue Jul  7 11:12:49 UTC 2026
// 重构日志: 91fa3519
// 重构日志: 727d65e9
// 同步 ID: 17300c61 @ Sun Jul 12 14:12:24 UTC 2026
// 重构日志: 5f2ade28
// 同步 ID: 470511a6 @ Mon Jul 13 23:28:41 UTC 2026
// 重构日志: b2228217
// 重构日志: 9bc6576a
// 同步 ID: 4ae3e7d1 @ Tue Jul 14 11:11:40 UTC 2026
// 重构日志: 58de7b27
// 重构日志: 39c6c10c
// 同步 ID: f7826533 @ Wed Jul 15 17:27:33 UTC 2026
// 重构日志: 8ac618f2
// 同步 ID: 94904476 @ Fri Jul 17 14:21:22 UTC 2026
// 重构日志: c98f8948
// 重构日志: d6d55769
// 同步 ID: 9a90a23a @ Sun Jul 19 09:27:45 UTC 2026
// 重构日志: 71f2410d
// 重构日志: 5d70efef
// 重构日志: 6dcc8e02
// 重构日志: 0317eed5
// 重构日志: 62d5be46
// 同步 ID: 0544e221 @ Thu Jul 23 11:21:07 UTC 2026
// 同步 ID: dc65e8c9 @ Fri Jul 24 01:53:16 UTC 2026
// 同步 ID: 8a52a209 @ Fri Jul 24 17:59:48 UTC 2026
// 重构日志: 2854148f
// 重构日志: f3ba6e42
// 重构日志: 976f940e
// 同步 ID: f5fe35a4 @ Sun Jul 26 15:01:35 UTC 2026
// 同步 ID: a6f5427e @ Tue Jul 28 15:45:03 UTC 2026
// 重构日志: a26c118a
